
Memory Configuration

Name             Origin             Length             Attributes
flash            0x00000000         0x20000000         xr
sram             0x20000000         0x20000000         xrw
*default*        0x00000000         0xffffffff

Linker script and memory map


.text           0x00000000      0x13c
 *(.vectors*)
 .vectors       0x00000000       0x1c startup.o
                0x00000000                gptr2fncVectors
 *(.text*)
 .text          0x0000001c       0x90 main.o
                0x0000001c                main
 .text          0x000000ac       0x90 startup.o
                0x000000ac                Bus_fault_Handler
                0x000000ac                MM_fault_Handler
                0x000000ac                Usage_fault_Handler
                0x000000ac                H_fault_Handler
                0x000000ac                Default_Handler
                0x000000ac                NMI_Handler
                0x000000b8                Reset_Handler
 *(.rodata)
                0x0000013c                _E_text = .

.glue_7         0x0000013c        0x0
 .glue_7        0x0000013c        0x0 linker stubs

.glue_7t        0x0000013c        0x0
 .glue_7t       0x0000013c        0x0 linker stubs

.vfp11_veneer   0x0000013c        0x0
 .vfp11_veneer  0x0000013c        0x0 linker stubs

.v4_bx          0x0000013c        0x0
 .v4_bx         0x0000013c        0x0 linker stubs

.iplt           0x0000013c        0x0
 .iplt          0x0000013c        0x0 startup.o

.rel.dyn        0x0000013c        0x0
 .rel.iplt      0x0000013c        0x0 startup.o

.data           0x20000000        0x0 load address 0x0000013c
                0x20000000                _S_data = .
 *(.data)
 .data          0x20000000        0x0 main.o
 .data          0x20000000        0x0 startup.o
                0x20000000                _E_data = .

.igot.plt       0x20000000        0x0 load address 0x0000013c
 .igot.plt      0x20000000        0x0 startup.o

.bss            0x20000000      0x400 load address 0x0000013c
                0x20000000                _S_bss = .
 *(.bss)
 .bss           0x20000000        0x0 main.o
 .bss           0x20000000      0x400 startup.o
                0x20000400                _E_bss = .
LOAD main.o
LOAD startup.o
OUTPUT(LAB3cortexM4.elf elf32-littlearm)
LOAD linker stubs

.debug_info     0x00000000      0x281
 .debug_info    0x00000000       0x9e main.o
 .debug_info    0x0000009e      0x1e3 startup.o

.debug_abbrev   0x00000000      0x16b
 .debug_abbrev  0x00000000       0x76 main.o
 .debug_abbrev  0x00000076       0xf5 startup.o

.debug_loc      0x00000000       0xb4
 .debug_loc     0x00000000       0x38 main.o
 .debug_loc     0x00000038       0x7c startup.o

.debug_aranges  0x00000000       0x40
 .debug_aranges
                0x00000000       0x20 main.o
 .debug_aranges
                0x00000020       0x20 startup.o

.debug_line     0x00000000      0x226
 .debug_line    0x00000000       0x9c main.o
 .debug_line    0x0000009c      0x18a startup.o

.debug_str      0x00000000      0x1cb
 .debug_str     0x00000000       0xe1 main.o
 .debug_str     0x000000e1       0xea startup.o
                                0x1fe (size before relaxing)

.comment        0x00000000       0x49
 .comment       0x00000000       0x49 main.o
                                 0x4a (size before relaxing)
 .comment       0x00000049       0x4a startup.o

.ARM.attributes
                0x00000000       0x2e
 .ARM.attributes
                0x00000000       0x2e main.o
 .ARM.attributes
                0x0000002e       0x2e startup.o

.debug_frame    0x00000000       0x7c
 .debug_frame   0x00000000       0x2c main.o
 .debug_frame   0x0000002c       0x50 startup.o
