
Memory Configuration

Name             Origin             Length             Attributes
flash            0x08000000         0x00020000         xr
sram             0x20000000         0x00005000         xrw
*default*        0x00000000         0xffffffff

Linker script and memory map


.text           0x08000000      0x204
 *(.vectors*)
 .vectors       0x08000000       0x50 startup.o
 *(.text*)
 .text          0x08000050       0x16 driver_PressureSensor.o
                0x08000050                PressureSensor_set_pressure
 *fill*         0x08000066        0x2 
 .text          0x08000068       0xc4 driver_provided.o
                0x08000068                Delay
                0x0800008a                getPressureVal
                0x080000a0                Set_Alarm_actuator
                0x080000dc                GPIO_INITIALIZATION
 .text          0x0800012c       0x14 main.o
                0x0800012c                main
 .text          0x08000140       0xbc mainAlg.o
                0x08000140                init
                0x08000164                HighPressure
                0x08000198                SafePressure
                0x080001c4                ReceivingPressureVal
 .text          0x080001fc        0x8 startup.o
 *(.rodata)

.glue_7         0x08000204        0x0
 .glue_7        0x08000204        0x0 linker stubs

.glue_7t        0x08000204        0x0
 .glue_7t       0x08000204        0x0 linker stubs

.vfp11_veneer   0x08000204        0x0
 .vfp11_veneer  0x08000204        0x0 linker stubs

.v4_bx          0x08000204        0x0
 .v4_bx         0x08000204        0x0 linker stubs

.iplt           0x08000204        0x0
 .iplt          0x08000204        0x0 driver_PressureSensor.o

.rel.dyn        0x08000204        0x0
 .rel.iplt      0x08000204        0x0 driver_PressureSensor.o

.data           0x08000204        0x0
 *(.data)
 .data          0x08000204        0x0 driver_PressureSensor.o
 .data          0x08000204        0x0 driver_provided.o
 .data          0x08000204        0x0 main.o
 .data          0x08000204        0x0 mainAlg.o
 .data          0x08000204        0x0 startup.o

.igot.plt       0x08000204        0x0
 .igot.plt      0x08000204        0x0 driver_PressureSensor.o

.bss            0x20000000        0x8
 *(.bss)
 .bss           0x20000000        0x0 driver_PressureSensor.o
 .bss           0x20000000        0x0 driver_provided.o
 .bss           0x20000000        0x0 main.o
 .bss           0x20000000        0x8 mainAlg.o
                0x20000000                AlarmFlag
                0x20000004                state_ptr_main
 .bss           0x20000008        0x0 startup.o
LOAD driver_PressureSensor.o
LOAD driver_provided.o
LOAD main.o
LOAD mainAlg.o
LOAD startup.o
OUTPUT(PressureAlarm.elf elf32-littlearm)
LOAD linker stubs

.debug_info     0x00000000      0x3b1
 .debug_info    0x00000000       0xa5 driver_PressureSensor.o
 .debug_info    0x000000a5      0x112 driver_provided.o
 .debug_info    0x000001b7       0xab main.o
 .debug_info    0x00000262      0x129 mainAlg.o
 .debug_info    0x0000038b       0x26 startup.o

.debug_abbrev   0x00000000      0x247
 .debug_abbrev  0x00000000       0x57 driver_PressureSensor.o
 .debug_abbrev  0x00000057       0xc3 driver_provided.o
 .debug_abbrev  0x0000011a       0x69 main.o
 .debug_abbrev  0x00000183       0xb0 mainAlg.o
 .debug_abbrev  0x00000233       0x14 startup.o

.debug_loc      0x00000000      0x290
 .debug_loc     0x00000000       0x50 driver_PressureSensor.o
 .debug_loc     0x00000050      0x140 driver_provided.o
 .debug_loc     0x00000190       0x2c main.o
 .debug_loc     0x000001bc       0xd4 mainAlg.o

.debug_aranges  0x00000000       0xa0
 .debug_aranges
                0x00000000       0x20 driver_PressureSensor.o
 .debug_aranges
                0x00000020       0x20 driver_provided.o
 .debug_aranges
                0x00000040       0x20 main.o
 .debug_aranges
                0x00000060       0x20 mainAlg.o
 .debug_aranges
                0x00000080       0x20 startup.o

.debug_line     0x00000000      0x2c3
 .debug_line    0x00000000       0x52 driver_PressureSensor.o
 .debug_line    0x00000052      0x158 driver_provided.o
 .debug_line    0x000001aa       0x4f main.o
 .debug_line    0x000001f9       0x8f mainAlg.o
 .debug_line    0x00000288       0x3b startup.o

.debug_str      0x00000000      0x25b
 .debug_str     0x00000000      0x185 driver_PressureSensor.o
                                0x1be (size before relaxing)
 .debug_str     0x00000185       0x60 driver_provided.o
                                0x1e7 (size before relaxing)
 .debug_str     0x000001e5       0x16 main.o
                                0x199 (size before relaxing)
 .debug_str     0x000001fb       0x48 mainAlg.o
                                0x1de (size before relaxing)
 .debug_str     0x00000243       0x18 startup.o
                                 0x9a (size before relaxing)

.comment        0x00000000       0x49
 .comment       0x00000000       0x49 driver_PressureSensor.o
                                 0x4a (size before relaxing)
 .comment       0x00000049       0x4a driver_provided.o
 .comment       0x00000049       0x4a main.o
 .comment       0x00000049       0x4a mainAlg.o

.ARM.attributes
                0x00000000       0x2b
 .ARM.attributes
                0x00000000       0x2d driver_PressureSensor.o
 .ARM.attributes
                0x0000002d       0x2d driver_provided.o
 .ARM.attributes
                0x0000005a       0x2d main.o
 .ARM.attributes
                0x00000087       0x2d mainAlg.o
 .ARM.attributes
                0x000000b4       0x21 startup.o

.debug_frame    0x00000000      0x188
 .debug_frame   0x00000000       0x34 driver_PressureSensor.o
 .debug_frame   0x00000034       0xa0 driver_provided.o
 .debug_frame   0x000000d4       0x2c main.o
 .debug_frame   0x00000100       0x88 mainAlg.o
