
Allocating common symbols
Common symbol       size              file

state_ptr_main      0x4               mainAlg.o

Memory Configuration

Name             Origin             Length             Attributes
flash            0x0000000008000000 0x0000000000020000 xr
sram             0x0000000020000000 0x0000000000005000 xrw
*default*        0x0000000000000000 0xffffffffffffffff

Linker script and memory map


.text           0x0000000008000000      0x204
 *(.vectors*)
 .vectors       0x0000000008000000       0x50 startup.o
 *(.text*)
 .text          0x0000000008000050       0x16 driver_PressureSensor.o
                0x0000000008000050                PressureSensor_set_pressure
 *fill*         0x0000000008000066        0x2 
 .text          0x0000000008000068       0xc4 driver_provided.o
                0x0000000008000068                Delay
                0x000000000800008a                getPressureVal
                0x00000000080000a0                Set_Alarm_actuator
                0x00000000080000dc                GPIO_INITIALIZATION
 .text          0x000000000800012c       0x14 main.o
                0x000000000800012c                main
 .text          0x0000000008000140       0xbc mainAlg.o
                0x0000000008000140                init
                0x0000000008000164                HighPressure
                0x0000000008000198                SafePressure
                0x00000000080001c4                ReceivingPressureVal
 .text          0x00000000080001fc        0x8 startup.o
 *(.rodata)

.glue_7         0x0000000008000204        0x0
 .glue_7        0x0000000008000204        0x0 linker stubs

.glue_7t        0x0000000008000204        0x0
 .glue_7t       0x0000000008000204        0x0 linker stubs

.vfp11_veneer   0x0000000008000204        0x0
 .vfp11_veneer  0x0000000008000204        0x0 linker stubs

.v4_bx          0x0000000008000204        0x0
 .v4_bx         0x0000000008000204        0x0 linker stubs

.iplt           0x0000000008000204        0x0
 .iplt          0x0000000008000204        0x0 driver_PressureSensor.o

.rel.dyn        0x0000000008000204        0x0
 .rel.iplt      0x0000000008000204        0x0 driver_PressureSensor.o

.data           0x0000000008000204        0x0
 *(.data)
 .data          0x0000000008000204        0x0 driver_PressureSensor.o
 .data          0x0000000008000204        0x0 driver_provided.o
 .data          0x0000000008000204        0x0 main.o
 .data          0x0000000008000204        0x0 mainAlg.o
 .data          0x0000000008000204        0x0 startup.o

.igot.plt       0x0000000008000204        0x0
 .igot.plt      0x0000000008000204        0x0 driver_PressureSensor.o

.bss            0x0000000020000000        0x8
 *(.bss)
 .bss           0x0000000020000000        0x0 driver_PressureSensor.o
 .bss           0x0000000020000000        0x0 driver_provided.o
 .bss           0x0000000020000000        0x0 main.o
 .bss           0x0000000020000000        0x4 mainAlg.o
                0x0000000020000000                AlarmFlag
 .bss           0x0000000020000004        0x0 startup.o
 COMMON         0x0000000020000004        0x4 mainAlg.o
                0x0000000020000004                state_ptr_main
LOAD driver_PressureSensor.o
LOAD driver_provided.o
LOAD main.o
LOAD mainAlg.o
LOAD startup.o
OUTPUT(PressureAlarm.elf elf32-littlearm)
LOAD linker stubs

.debug_info     0x0000000000000000     0x29d0
 .debug_info    0x0000000000000000      0xa4c driver_PressureSensor.o
 .debug_info    0x0000000000000a4c      0xa75 driver_provided.o
 .debug_info    0x00000000000014c1      0xa3c main.o
 .debug_info    0x0000000000001efd      0xaad mainAlg.o
 .debug_info    0x00000000000029aa       0x26 startup.o

.debug_abbrev   0x0000000000000000      0x776
 .debug_abbrev  0x0000000000000000      0x1c0 driver_PressureSensor.o
 .debug_abbrev  0x00000000000001c0      0x20a driver_provided.o
 .debug_abbrev  0x00000000000003ca      0x1af main.o
 .debug_abbrev  0x0000000000000579      0x1e9 mainAlg.o
 .debug_abbrev  0x0000000000000762       0x14 startup.o

.debug_loc      0x0000000000000000      0x290
 .debug_loc     0x0000000000000000       0x50 driver_PressureSensor.o
 .debug_loc     0x0000000000000050      0x140 driver_provided.o
 .debug_loc     0x0000000000000190       0x2c main.o
 .debug_loc     0x00000000000001bc       0xd4 mainAlg.o

.debug_aranges  0x0000000000000000       0xa0
 .debug_aranges
                0x0000000000000000       0x20 driver_PressureSensor.o
 .debug_aranges
                0x0000000000000020       0x20 driver_provided.o
 .debug_aranges
                0x0000000000000040       0x20 main.o
 .debug_aranges
                0x0000000000000060       0x20 mainAlg.o
 .debug_aranges
                0x0000000000000080       0x20 startup.o

.debug_line     0x0000000000000000      0x3c1
 .debug_line    0x0000000000000000       0xcd driver_PressureSensor.o
 .debug_line    0x00000000000000cd       0xff driver_provided.o
 .debug_line    0x00000000000001cc       0xbd main.o
 .debug_line    0x0000000000000289       0xfd mainAlg.o
 .debug_line    0x0000000000000386       0x3b startup.o

.debug_str      0x0000000000000000      0x678
 .debug_str     0x0000000000000000      0x5c4 driver_PressureSensor.o
                                        0x616 (size before relaxing)
 .debug_str     0x00000000000005c4       0x5e driver_provided.o
                                        0x5e8 (size before relaxing)
 .debug_str     0x0000000000000622        0x7 main.o
                                        0x5e2 (size before relaxing)
 .debug_str     0x0000000000000629       0x39 mainAlg.o
                                        0x61d (size before relaxing)
 .debug_str     0x0000000000000662       0x16 startup.o
                                         0xa3 (size before relaxing)

.comment        0x0000000000000000       0x59
 .comment       0x0000000000000000       0x59 driver_PressureSensor.o
                                         0x5a (size before relaxing)
 .comment       0x0000000000000059       0x5a driver_provided.o
 .comment       0x0000000000000059       0x5a main.o
 .comment       0x0000000000000059       0x5a mainAlg.o

.ARM.attributes
                0x0000000000000000       0x2b
 .ARM.attributes
                0x0000000000000000       0x2d driver_PressureSensor.o
 .ARM.attributes
                0x000000000000002d       0x2d driver_provided.o
 .ARM.attributes
                0x000000000000005a       0x2d main.o
 .ARM.attributes
                0x0000000000000087       0x2d mainAlg.o
 .ARM.attributes
                0x00000000000000b4       0x21 startup.o

.debug_frame    0x0000000000000000      0x188
 .debug_frame   0x0000000000000000       0x34 driver_PressureSensor.o
 .debug_frame   0x0000000000000034       0xa0 driver_provided.o
 .debug_frame   0x00000000000000d4       0x2c main.o
 .debug_frame   0x0000000000000100       0x88 mainAlg.o
